// Jest Snapshot v1, https://goo.gl/fbAQLP

exports[`SearchResults renders correctly 1`] = `
<DocumentFragment>
  <div
    class="search-results"
  >
    <img
      alt="space"
      class="search-results__image"
      data-testid="search-results__image"
      src="https://unsplash.com/photos/uIf6H1or1nE"
    />
    <img
      alt="space"
      class="search-results__image"
      data-testid="search-results__image"
      src="https://unsplash.com/photos/wCujVcf0JDw"
    />
  </div>
</DocumentFragment>
`;
